// Jest Snapshot v1, https://goo.gl/fbAQLP

exports[`PriceSummary when summary is passed should render correct layout for the given summary, totalPrice and shippingCost 1`] = `
Array [
  <ForwardRef(styled.div)
    width={
      Array [
        "290px",
        "450px",
      ]
    }
  >
    <ForwardRef(styled.ul)
      listStyleType="none"
      margin={0}
      padding="16px"
      width="100%"
    >
      <ForwardRef(styled.li)
        border="none"
        margin={0}
        padding="0px 0px 8px 0px"
        width="100%"
      >
        <ForwardRef(styled.div)>
          <ForwardRef(styled.div)
            sm={9}
          >
            <ForwardRef(Styled(Box))
              alignItems="center"
              display="flex"
              justifyContent="flex-start"
            >
              <ForwardRef(styled.div)
                fontWeight="400"
              >
                 
                recipe 1
                 x 
                2
              </ForwardRef(styled.div)>
            </ForwardRef(Styled(Box))>
          </ForwardRef(styled.div)>
          <ForwardRef(styled.div)
            sm={3}
          >
            <ForwardRef(Styled(Box))
              alignItems="center"
              display="flex"
              justifyContent="flex-end"
            >
              <ForwardRef(styled.div)
                fontWeight="400"
              >
                $17.98
              </ForwardRef(styled.div)>
            </ForwardRef(Styled(Box))>
          </ForwardRef(styled.div)>
        </ForwardRef(styled.div)>
      </ForwardRef(styled.li)>
      <ForwardRef(styled.li)
        border="none"
        margin={0}
        padding="0px 0px 8px 0px"
        width="100%"
      >
        <ForwardRef(styled.div)>
          <ForwardRef(styled.div)
            sm={9}
          >
            <ForwardRef(Styled(Box))
              alignItems="center"
              display="flex"
              justifyContent="flex-start"
            >
              <ForwardRef(styled.div)
                fontWeight="400"
              >
                 Shipping 
              </ForwardRef(styled.div)>
            </ForwardRef(Styled(Box))>
          </ForwardRef(styled.div)>
          <ForwardRef(styled.div)
            sm={3}
          >
            <ForwardRef(Styled(Box))
              alignItems="center"
              display="flex"
              justifyContent="flex-end"
            >
              <ForwardRef(styled.div)
                fontWeight="400"
              >
                $10.00
              </ForwardRef(styled.div)>
            </ForwardRef(Styled(Box))>
          </ForwardRef(styled.div)>
        </ForwardRef(styled.div)>
      </ForwardRef(styled.li)>
      <ForwardRef(styled.li)
        border="none"
        borderTop="1px solid #E4E4E4"
        margin={0}
        padding="8px 0px 0px 0px"
        width="100%"
      >
        <ForwardRef(styled.div)>
          <ForwardRef(styled.div)
            sm={9}
          >
            <ForwardRef(Styled(Box))
              alignItems="center"
              display="flex"
              justifyContent="flex-start"
            >
              <ForwardRef(styled.div)
                fontWeight="600"
              >
                 Total 
              </ForwardRef(styled.div)>
            </ForwardRef(Styled(Box))>
          </ForwardRef(styled.div)>
          <ForwardRef(styled.div)
            sm={3}
          >
            <ForwardRef(Styled(Box))
              alignItems="center"
              display="flex"
              justifyContent="flex-end"
            >
              <ForwardRef(styled.div)
                fontWeight="600"
              >
                $27.98
              </ForwardRef(styled.div)>
            </ForwardRef(Styled(Box))>
          </ForwardRef(styled.div)>
        </ForwardRef(styled.div)>
      </ForwardRef(styled.li)>
    </ForwardRef(styled.ul)>
  </ForwardRef(styled.div)>,
]
`;
